// Jest Snapshot v1, https://goo.gl/fbAQLP

exports[`ReactFromHtml#parse renders a simple SVG 1`] = `
Array [
  "
          ",
  <svg
    baseProfile="full"
    height="200"
    version="1.1"
    width="300"
    xmlns="http://www.w3.org/2000/svg"
  >
    
            
    <rect
      fill="red"
      height="100%"
      width="100%"
    />
    
            
    <circle
      cx="150"
      cy="100"
      fill="green"
      r="80"
    />
    
            
    <text
      fill="white"
      fontSize="60"
      textAnchor="middle"
      x="150"
      y="125"
    >
      SVG
    </text>
    
          
  </svg>,
  "
          ",
]
`;

exports[`ReactFromHtml#parse renders an SVG with style attributes 1`] = `
Array [
  "
          ",
  <svg
    height="60"
    version="1.1"
    width="60"
    xmlns="http://www.w3.org/2000/svg"
  >
    
            
    <rect
      height="60"
      width="60"
    />
    
            
    <text
      alignmentBaseline="central"
      style={Object {}}
      textAnchor="middle"
      x="30"
      y="30"
    >
      Hello, world!
    </text>
    
          
  </svg>,
  "
        ",
]
`;

exports[`ReactFromHtml#parse renders an SVG with style attributes 2`] = `
Array [
  "
          ",
  <svg
    height="200"
    version="1.1"
    width="200"
    xmlns="http://www.w3.org/2000/svg"
    xmlnsXlink="http://www.w3.org/1999/xlink"
  >
    
            
    <image
      height="146"
      transform="rotate(45)"
      width="128"
      x="90"
      xlinkHref="https://developer.mozilla.org/media/img/mdn-logo.png"
      y="-65"
    />
    
         
  </svg>,
  "
        ",
]
`;
